// Jest Snapshot v1, https://goo.gl/fbAQLP

exports[`App Render UI 1`] = `
<div
  className="profile"
>
  <WithStyles(ButtonAppBar) />
  <div
    className="content"
  >
    Content
  </div>
</div>
`;
